[2026-06-22 17:08:44] ============================================================
[2026-06-22 17:08:44] Seattle Parking Intelligence — Pipeline Start
[2026-06-22 17:08:44] ============================================================
[2026-06-22 17:08:44] ▶ Fetch weather
[2026-06-22 17:09:12]   ✓ Fetch weather done
[2026-06-22 17:09:12] ▶ Fetch live parking
[2026-06-22 17:14:02] ============================================================
[2026-06-22 17:14:02] Seattle Parking Intelligence — Pipeline Start
[2026-06-22 17:14:02] ============================================================
[2026-06-22 17:14:02] ▶ Fetch weather
[2026-06-22 17:14:02]   ✓ Fetch weather done
[2026-06-22 17:14:02] ▶ Fetch live parking
[2026-06-22 17:22:09] ============================================================
[2026-06-22 17:22:09] Seattle Parking Intelligence — Pipeline Start
[2026-06-22 17:22:09] ============================================================
[2026-06-22 17:22:09] ▶ Fetch weather
[2026-06-22 17:22:09]   ✓ Fetch weather done
[2026-06-22 17:22:09] ▶ Fetch live parking
[2026-06-22 17:27:22] ============================================================
[2026-06-22 17:27:22] Seattle Parking Intelligence — Pipeline Start
[2026-06-22 17:27:22] ============================================================
[2026-06-22 17:27:22] ▶ Fetch weather
[2026-06-22 17:27:22]   ✓ Fetch weather done
[2026-06-22 17:27:22] ▶ Fetch live parking
[2026-06-22 17:27:23]   ✓ Fetch live parking done
[2026-06-22 17:27:23] ▶ Fetch events
[2026-06-22 17:27:24]   ✓ Fetch events done
[2026-06-22 17:27:24] ▶ Fetch city permits
[2026-06-22 17:27:25]   ✓ Fetch city permits done
[2026-06-22 17:27:25] ▶ Fetch road closures
[2026-06-22 17:27:26]   ✓ Fetch road closures done
[2026-06-22 17:27:26] ▶ Build holiday calendar
[2026-06-22 17:27:26]   ✓ Build holiday calendar done
[2026-06-22 17:27:26] ▶ Aggregate features
[2026-06-22 17:27:26]   ✗ Aggregate features failed: Missing column provided to 'parse_dates': 'occupancydatetime'
[2026-06-22 17:27:26] ------------------------------------------------------------
[2026-06-22 17:27:26] Pipeline complete: 6/7 steps succeeded
[2026-06-22 17:27:26] Failed steps: aggregate
[2026-06-22 17:27:45] ============================================================
[2026-06-22 17:27:45] Seattle Parking Intelligence — Pipeline Start
[2026-06-22 17:27:45] ============================================================
[2026-06-22 17:27:45] ▶ Fetch weather
[2026-06-22 17:27:45]   ✓ Fetch weather done
[2026-06-22 17:27:45] ▶ Fetch live parking
[2026-06-22 17:27:46]   ✓ Fetch live parking done
[2026-06-22 17:27:46] ▶ Fetch events
[2026-06-22 17:27:47]   ✓ Fetch events done
[2026-06-22 17:27:47] ▶ Fetch city permits
[2026-06-22 17:27:48]   ✓ Fetch city permits done
[2026-06-22 17:27:48] ▶ Fetch road closures
[2026-06-22 17:27:48]   ✓ Fetch road closures done
[2026-06-22 17:27:48] ▶ Build holiday calendar
[2026-06-22 17:27:48]   ✓ Build holiday calendar done
[2026-06-22 17:27:48] ▶ Aggregate features
[2026-06-22 17:27:49]   ✓ Aggregate features done
[2026-06-22 17:27:49] ------------------------------------------------------------
[2026-06-22 17:27:49] Pipeline complete: 7/7 steps succeeded
[2026-06-22 17:27:49] All steps complete. Ready for model training.
[2026-06-22 17:28:25] ============================================================
[2026-06-22 17:28:25] Seattle Parking Intelligence — Pipeline Start
[2026-06-22 17:28:25] ============================================================
[2026-06-22 17:28:25] ▶ Fetch weather
[2026-06-22 17:28:25]   ✓ Fetch weather done
[2026-06-22 17:28:25] ▶ Fetch live parking
[2026-06-22 17:28:26]   ✓ Fetch live parking done
[2026-06-22 17:28:26] ▶ Fetch events
[2026-06-22 17:28:27]   ✓ Fetch events done
[2026-06-22 17:28:27] ▶ Fetch city permits
[2026-06-22 17:28:28]   ✓ Fetch city permits done
[2026-06-22 17:28:28] ▶ Fetch road closures
[2026-06-22 17:28:28]   ✓ Fetch road closures done
[2026-06-22 17:28:28] ▶ Build holiday calendar
[2026-06-22 17:28:28]   ✓ Build holiday calendar done
[2026-06-22 17:28:28] ▶ Aggregate features
[2026-06-22 17:28:29]   ✓ Aggregate features done
[2026-06-22 17:28:29] ------------------------------------------------------------
[2026-06-22 17:28:29] Pipeline complete: 7/7 steps succeeded
[2026-06-22 17:28:29] All steps complete. Ready for model training.
[2026-06-22 18:39:20]   ✗ Fetch live parking failed: Missing column provided to 'parse_dates': 'occupancydatetime'
[2026-06-22 18:39:22] ▶ Fetch events
[2026-06-22 18:39:24]   ✓ Fetch events done
[2026-06-22 18:39:24] ▶ Fetch city permits
[2026-06-22 18:39:25]   ✓ Fetch city permits done
[2026-06-22 18:39:25] ▶ Fetch road closures
[2026-06-22 18:39:25]   ✓ Fetch road closures done
[2026-06-22 18:39:25] ▶ Build holiday calendar
[2026-06-22 18:39:25]   ✓ Build holiday calendar done
[2026-06-22 18:39:25] ▶ Aggregate features
[2026-06-22 18:39:26]   ✓ Aggregate features done
[2026-06-22 18:39:26] ------------------------------------------------------------
[2026-06-22 18:39:26] Pipeline complete: 6/7 steps succeeded
[2026-06-22 18:39:26] Failed steps: parking
[2026-06-23 11:45:42] ============================================================
[2026-06-23 11:45:42] Seattle Parking Intelligence — Pipeline Start
[2026-06-23 11:45:42] ============================================================
[2026-06-23 11:45:42] ▶ Fetch weather
[2026-06-23 11:45:51]   ✓ Fetch weather done
[2026-06-23 11:45:51] ▶ Process weather data
[2026-06-23 11:45:52]   ✓ Process weather data done
[2026-06-23 11:45:52] ▶ Fetch live parking
[2026-06-23 11:45:52]   ✓ Fetch live parking done
[2026-06-23 11:45:52] ▶ Fetch events
[2026-06-23 11:45:54]   ✓ Fetch events done
[2026-06-23 11:45:54] ▶ Fetch city permits
[2026-06-23 11:45:55]   ✓ Fetch city permits done
[2026-06-23 11:45:55] ▶ Fetch road closures
[2026-06-23 11:45:55]   ✓ Fetch road closures done
[2026-06-23 11:45:55] ▶ Build holiday calendar
[2026-06-23 11:45:55]   ✓ Build holiday calendar done
[2026-06-23 11:45:55] ▶ Aggregate features
[2026-06-23 11:45:55]   ✓ Aggregate features done
[2026-06-23 11:45:55] ------------------------------------------------------------
[2026-06-23 11:45:55] Pipeline complete: 8/8 steps succeeded
[2026-06-23 11:45:55] All steps complete. Ready for model training.
[2026-06-23 14:28:44] ============================================================
[2026-06-23 14:28:44] Seattle Parking Intelligence — Pipeline Start
[2026-06-23 14:28:44] ============================================================
[2026-06-23 14:28:44] ▶ Fetch weather
[2026-06-23 14:28:44]   ✓ Fetch weather done
[2026-06-23 14:28:44] ▶ Process weather data
[2026-06-23 14:28:45]   ✓ Process weather data done
[2026-06-23 14:28:45] ▶ Fetch live parking
[2026-06-23 14:28:46]   ✓ Fetch live parking done
[2026-06-23 14:28:46] ▶ Fetch events
[2026-06-23 14:28:46]   ✓ Fetch events done
[2026-06-23 14:28:46] ▶ Fetch city permits
[2026-06-23 14:28:47]   ✓ Fetch city permits done
[2026-06-23 14:28:47] ▶ Fetch road closures
[2026-06-23 14:28:47]   ✓ Fetch road closures done
[2026-06-23 14:28:47] ▶ Build holiday calendar
[2026-06-23 14:28:48]   ✓ Build holiday calendar done
[2026-06-23 14:28:48] ▶ Aggregate features
[2026-06-23 14:28:53]   ✓ Aggregate features done
[2026-06-23 14:28:53] ▶ Train model
[2026-06-23 14:28:54]   ✓ Train model done
[2026-06-23 14:28:54] ▶ Pricing recommendations
[2026-06-23 14:28:54]   ✓ Pricing recommendations done
[2026-06-23 14:28:54] ▶ Revenue analysis
[2026-06-23 14:28:54]   ✓ Revenue analysis done
[2026-06-23 14:28:54] ▶ Infrastructure ROI
[2026-06-23 14:28:54]   ✓ Infrastructure ROI done
[2026-06-23 14:28:54] ------------------------------------------------------------
[2026-06-23 14:28:54] Pipeline complete: 12/12 steps succeeded
[2026-06-23 14:28:54] All steps complete.
[2026-06-23 14:30:40] ============================================================
[2026-06-23 14:30:40] Seattle Parking Intelligence — Pipeline Start
[2026-06-23 14:30:40] ============================================================
[2026-06-23 14:30:40] ▶ Fetch weather
[2026-06-23 14:30:41]   ✓ Fetch weather done
[2026-06-23 14:30:41] ▶ Process weather data
[2026-06-23 14:31:15]   ✓ Process weather data done
[2026-06-23 14:31:15] ▶ Fetch live parking
[2026-06-23 14:31:15]   ✓ Fetch live parking done
[2026-06-23 14:31:15] ▶ Fetch events
[2026-06-23 14:31:16]   ✓ Fetch events done
[2026-06-23 14:31:16] ▶ Fetch city permits
[2026-06-23 14:31:17]   ✓ Fetch city permits done
[2026-06-23 14:31:17] ▶ Fetch road closures
[2026-06-23 14:31:18]   ✓ Fetch road closures done
[2026-06-23 14:31:18] ▶ Build holiday calendar
[2026-06-23 14:31:18]   ✓ Build holiday calendar done
[2026-06-23 14:31:18] ▶ Aggregate features
[2026-06-23 14:31:23]   ✓ Aggregate features done
[2026-06-23 14:31:23] ▶ Train model
[2026-06-23 14:31:28]   ✓ Train model done
[2026-06-23 14:31:28] ▶ Pricing recommendations
[2026-06-23 14:31:28]   ✓ Pricing recommendations done
[2026-06-23 14:31:28] ▶ Revenue analysis
[2026-06-23 14:31:28]   ✓ Revenue analysis done
[2026-06-23 14:31:28] ▶ Infrastructure ROI
[2026-06-23 14:31:28]   ✓ Infrastructure ROI done
[2026-06-23 14:31:28] ------------------------------------------------------------
[2026-06-23 14:31:28] Pipeline complete: 12/12 steps succeeded
[2026-06-23 14:31:28] All steps complete.
[2026-08-23 23:02:35] ============================================================
[2026-08-23 23:02:35] Seattle Parking Intelligence — Pipeline Start
[2026-08-23 23:02:35] ============================================================
[2026-08-23 23:02:35] ▶ Fetch weather
[2026-08-23 23:02:39]   ✓ Fetch weather done
[2026-08-23 23:02:39] ▶ Process weather data
[2026-08-23 23:02:51]   ✓ Process weather data done
[2026-08-23 23:02:51] ▶ Fetch live parking
[2026-08-23 23:03:52]   ✓ Fetch live parking done
[2026-08-23 23:03:52] ▶ Fetch events
[2026-08-23 23:03:52]   ✓ Fetch events done
[2026-08-23 23:03:52] ▶ Fetch city permits
[2026-08-23 23:03:52]   ✓ Fetch city permits done
[2026-08-23 23:03:52] ▶ Fetch road closures
[2026-08-23 23:03:53]   ✓ Fetch road closures done
[2026-08-23 23:03:53] ▶ Build holiday calendar
[2026-08-23 23:03:53]   ✓ Build holiday calendar done
[2026-08-23 23:03:53] ▶ Aggregate features
[2026-08-23 23:03:53]   ✗ Aggregate features failed: No module named 'shapely'
[2026-08-23 23:03:53] ▶ Train model
[2026-08-23 23:03:55]   ✓ Train model done
[2026-08-23 23:03:55] ▶ Pricing recommendations
[2026-08-23 23:03:55]   ✓ Pricing recommendations done
[2026-08-23 23:03:55] ▶ Revenue analysis
[2026-08-23 23:03:56]   ✓ Revenue analysis done
[2026-08-23 23:03:56] ▶ Infrastructure ROI
[2026-08-23 23:03:56]   ✓ Infrastructure ROI done
[2026-08-23 23:03:56] ------------------------------------------------------------
[2026-08-23 23:03:56] Pipeline complete: 11/12 steps succeeded
[2026-08-23 23:03:56] Failed steps: aggregate
[2026-08-23 23:04:19] ============================================================
[2026-08-23 23:04:19] Seattle Parking Intelligence — Pipeline Start
[2026-08-23 23:04:19] ============================================================
[2026-08-23 23:04:19] ▶ Fetch weather
[2026-08-23 23:04:19]   ✓ Fetch weather done
[2026-08-23 23:04:19] ▶ Process weather data
[2026-08-23 23:04:21]   ✓ Process weather data done
[2026-08-23 23:04:21] ▶ Fetch live parking
[2026-08-23 23:05:21]   ✓ Fetch live parking done
[2026-08-23 23:05:21] ▶ Fetch events
[2026-08-23 23:05:21]   ✓ Fetch events done
[2026-08-23 23:05:21] ▶ Fetch city permits
[2026-08-23 23:05:22]   ✓ Fetch city permits done
[2026-08-23 23:05:22] ▶ Fetch road closures
[2026-08-23 23:05:23]   ✓ Fetch road closures done
[2026-08-23 23:05:23] ▶ Build holiday calendar
[2026-08-23 23:05:23]   ✓ Build holiday calendar done
[2026-08-23 23:05:23] ▶ Aggregate features
[2026-08-23 23:05:36]   ✓ Aggregate features done
[2026-08-23 23:05:36] ▶ Train model
[2026-08-23 23:05:37]   ✓ Train model done
[2026-08-23 23:05:37] ▶ Pricing recommendations
[2026-08-23 23:05:37]   ✓ Pricing recommendations done
[2026-08-23 23:05:37] ▶ Revenue analysis
[2026-08-23 23:05:38]   ✓ Revenue analysis done
[2026-08-23 23:05:38] ▶ Infrastructure ROI
[2026-08-23 23:05:38]   ✓ Infrastructure ROI done
[2026-08-23 23:05:38] ------------------------------------------------------------
[2026-08-23 23:05:38] Pipeline complete: 12/12 steps succeeded
[2026-08-23 23:05:38] All steps complete.
[2026-08-23 23:35:10] ============================================================
[2026-08-23 23:35:10] Seattle Parking Intelligence — Pipeline Start
[2026-08-23 23:35:10] ============================================================
[2026-08-23 23:35:10] ▶ Fetch weather
[2026-08-23 23:35:10]   ✓ Fetch weather done
[2026-08-23 23:35:10] ▶ Process weather data
[2026-08-23 23:35:12]   ✓ Process weather data done
[2026-08-23 23:35:12] ▶ Fetch live parking
[2026-08-23 23:36:13]   ✓ Fetch live parking done
[2026-08-23 23:36:13] ▶ Fetch events
[2026-08-23 23:36:13]   ✓ Fetch events done
[2026-08-23 23:36:13] ▶ Fetch city permits
[2026-08-23 23:36:13]   ✓ Fetch city permits done
[2026-08-23 23:36:13] ▶ Fetch road closures
[2026-08-23 23:36:14]   ✓ Fetch road closures done
[2026-08-23 23:36:14] ▶ Build holiday calendar
[2026-08-23 23:36:14]   ✓ Build holiday calendar done
[2026-08-23 23:36:14] ▶ Aggregate features
[2026-08-23 23:36:25]   ✓ Aggregate features done
[2026-08-23 23:36:25] ▶ Train model
[2026-08-23 23:36:27]   ✓ Train model done
[2026-08-23 23:36:27] ▶ Pricing recommendations
[2026-08-23 23:36:27]   ✓ Pricing recommendations done
[2026-08-23 23:36:27] ▶ Revenue analysis
[2026-08-23 23:36:28]   ✓ Revenue analysis done
[2026-08-23 23:36:28] ▶ Infrastructure ROI
[2026-08-23 23:36:28]   ✓ Infrastructure ROI done
[2026-08-23 23:36:28] ------------------------------------------------------------
[2026-08-23 23:36:28] Pipeline complete: 12/12 steps succeeded
[2026-08-23 23:36:28] All steps complete.
[2026-08-24 09:05:43] ============================================================
[2026-08-24 09:05:43] Seattle Parking Intelligence — Pipeline Start
[2026-08-24 09:05:43] ============================================================
[2026-08-24 09:05:43] ▶ Fetch weather
[2026-08-24 09:05:52]   ✓ Fetch weather done
[2026-08-24 09:05:52] ▶ Process weather data
[2026-08-24 09:08:13]   ✓ Process weather data done
[2026-08-24 09:08:13] ▶ Fetch live parking
[2026-08-24 09:09:06]   ✓ Fetch live parking done
[2026-08-24 09:09:06] ▶ Fetch events
[2026-08-24 09:09:06]   ✓ Fetch events done
[2026-08-24 09:09:06] ▶ Fetch city permits
[2026-08-24 09:09:07]   ✓ Fetch city permits done
[2026-08-24 09:09:07] ▶ Fetch road closures
[2026-08-24 09:09:07]   ✓ Fetch road closures done
[2026-08-24 09:09:07] ▶ Build holiday calendar
[2026-08-24 09:09:07]   ✓ Build holiday calendar done
[2026-08-24 09:09:07] ▶ Aggregate features
[2026-08-24 09:09:10]   ✓ Aggregate features done
[2026-08-24 09:09:10] ▶ Train model
[2026-08-24 09:09:11]   ✓ Train model done
[2026-08-24 09:09:11] ▶ Pricing recommendations
[2026-08-24 09:09:12]   ✓ Pricing recommendations done
[2026-08-24 09:09:12] ▶ Revenue analysis
[2026-08-24 09:09:14]   ✓ Revenue analysis done
[2026-08-24 09:09:14] ▶ Infrastructure ROI
[2026-08-24 09:09:14]   ✓ Infrastructure ROI done
[2026-08-24 09:09:14] ------------------------------------------------------------
[2026-08-24 09:09:14] Pipeline complete: 12/12 steps succeeded
[2026-08-24 09:09:14] All steps complete.
[2026-08-24 22:18:40] ============================================================
[2026-08-24 22:18:40] Seattle Parking Intelligence — Pipeline Start
[2026-08-24 22:18:40] ============================================================
[2026-08-24 22:18:40] ▶ Build meter registry
[2026-08-24 22:19:16]   ✓ Build meter registry done
[2026-08-24 22:19:16] ▶ Fetch weather
[2026-08-24 22:19:19]   ✓ Fetch weather done
[2026-08-24 22:19:19] ▶ Process weather data
[2026-08-24 22:19:20]   ✓ Process weather data done
[2026-08-24 22:19:20] ▶ Fetch live parking
[2026-08-24 22:21:14]   ✓ Fetch live parking done
[2026-08-24 22:21:14] ▶ Fetch events
[2026-08-24 22:21:14]   ✓ Fetch events done
[2026-08-24 22:21:14] ▶ Fetch city permits
[2026-08-24 22:21:15]   ✓ Fetch city permits done
[2026-08-24 22:21:15] ▶ Fetch road closures
[2026-08-24 22:21:15]   ✓ Fetch road closures done
[2026-08-24 22:21:15] ▶ Build holiday calendar
[2026-08-24 22:21:15]   ✓ Build holiday calendar done
[2026-08-24 22:21:15] ▶ Aggregate features
[2026-08-24 22:22:17]   ✓ Aggregate features done
[2026-08-24 22:22:17] ▶ Train model
[2026-08-24 22:22:34]   ✓ Train model done
[2026-08-24 22:22:34] ▶ Per-meter pricing
[2026-08-24 22:22:35]   ✓ Per-meter pricing done
[2026-08-24 22:22:35] ▶ Utilization analysis
[2026-08-24 22:22:42]   ✓ Utilization analysis done
[2026-08-24 22:22:42] ▶ Infrastructure ROI
[2026-08-24 22:22:42]   ✓ Infrastructure ROI done
[2026-08-24 22:22:42] ------------------------------------------------------------
[2026-08-24 22:22:42] Pipeline complete: 13/13 steps succeeded
[2026-08-24 22:22:42] All steps complete.
[2026-08-25 08:40:08] ============================================================
[2026-08-25 08:40:08] Seattle Parking Intelligence — Pipeline Start
[2026-08-25 08:40:08] ============================================================
[2026-08-25 08:40:08] ▶ Build meter registry
[2026-08-25 08:40:45]   ✓ Build meter registry done
[2026-08-25 08:40:45] ▶ Fetch weather
[2026-08-25 08:40:53]   ✓ Fetch weather done
[2026-08-25 08:40:53] ▶ Process weather data
[2026-08-25 08:43:46]   ✓ Process weather data done
[2026-08-25 08:43:46] ▶ Fetch live parking
[2026-08-25 08:44:42]   ✓ Fetch live parking done
[2026-08-25 08:44:42] ▶ Fetch events
[2026-08-25 08:44:43]   ✓ Fetch events done
[2026-08-25 08:44:43] ▶ Fetch city permits
[2026-08-25 08:44:43]   ✓ Fetch city permits done
[2026-08-25 08:44:43] ▶ Fetch road closures
[2026-08-25 08:44:43]   ✓ Fetch road closures done
[2026-08-25 08:44:43] ▶ Build holiday calendar
[2026-08-25 08:44:44]   ✓ Build holiday calendar done
[2026-08-25 08:44:44] ▶ Aggregate features
[2026-08-25 08:44:45]   ✓ Aggregate features done
[2026-08-25 08:44:45] ▶ Train model
[2026-08-25 08:44:51]   ✓ Train model done
[2026-08-25 08:44:51] ▶ Per-meter pricing
[2026-08-25 08:44:52]   ✓ Per-meter pricing done
[2026-08-25 08:44:52] ▶ Utilization analysis
[2026-08-25 08:44:52]   ✓ Utilization analysis done
[2026-08-25 08:44:52] ▶ Infrastructure ROI
[2026-08-25 08:44:52]   ✓ Infrastructure ROI done
[2026-08-25 08:44:52] ------------------------------------------------------------
[2026-08-25 08:44:52] Pipeline complete: 13/13 steps succeeded
[2026-08-25 08:44:52] All steps complete.
[2026-08-26 08:41:19] ============================================================
[2026-08-26 08:41:19] Seattle Parking Intelligence — Pipeline Start
[2026-08-26 08:41:19] ============================================================
[2026-08-26 08:41:19] ▶ Build meter registry
[2026-08-26 08:41:54]   ✓ Build meter registry done
[2026-08-26 08:41:54] ▶ Fetch weather
[2026-08-26 08:42:02]   ✓ Fetch weather done
[2026-08-26 08:42:02] ▶ Process weather data
[2026-08-26 08:44:55]   ✓ Process weather data done
[2026-08-26 08:44:55] ▶ Fetch live parking
[2026-08-26 08:45:51]   ✓ Fetch live parking done
[2026-08-26 08:45:51] ▶ Fetch events
[2026-08-26 08:45:52]   ✓ Fetch events done
[2026-08-26 08:45:52] ▶ Fetch city permits
[2026-08-26 08:45:52]   ✓ Fetch city permits done
[2026-08-26 08:45:52] ▶ Fetch road closures
[2026-08-26 08:45:53]   ✓ Fetch road closures done
[2026-08-26 08:45:53] ▶ Build holiday calendar
[2026-08-26 08:45:53]   ✓ Build holiday calendar done
[2026-08-26 08:45:53] ▶ Aggregate features
[2026-08-26 08:45:54]   ✓ Aggregate features done
[2026-08-26 08:45:54] ▶ Train model
[2026-08-26 08:46:00]   ✓ Train model done
[2026-08-26 08:46:00] ▶ Per-meter pricing
[2026-08-26 08:46:01]   ✓ Per-meter pricing done
[2026-08-26 08:46:01] ▶ Utilization analysis
[2026-08-26 08:46:01]   ✓ Utilization analysis done
[2026-08-26 08:46:01] ▶ Infrastructure ROI
[2026-08-26 08:46:01]   ✓ Infrastructure ROI done
[2026-08-26 08:46:01] ------------------------------------------------------------
[2026-08-26 08:46:01] Pipeline complete: 13/13 steps succeeded
[2026-08-26 08:46:01] All steps complete.
[2026-08-27 18:51:19] ============================================================
[2026-08-27 18:51:19] Seattle Parking Intelligence — Pipeline Start
[2026-08-27 18:51:19] ============================================================
[2026-08-27 18:51:19] ▶ Build meter registry
[2026-08-27 18:51:52]   ✓ Build meter registry done
[2026-08-27 18:51:52] ▶ Fetch weather
[2026-08-27 18:52:01]   ✓ Fetch weather done
[2026-08-27 18:52:01] ▶ Process weather data
[2026-08-27 18:54:53]   ✓ Process weather data done
[2026-08-27 18:54:53] ▶ Fetch live parking
[2026-08-27 18:55:35]   ✓ Fetch live parking done
[2026-08-27 18:55:35] ▶ Fetch events
[2026-08-27 18:55:36]   ✓ Fetch events done
[2026-08-27 18:55:36] ▶ Fetch city permits
[2026-08-27 18:55:38]   ✓ Fetch city permits done
[2026-08-27 18:55:38] ▶ Fetch road closures
[2026-08-27 18:55:42]   ✓ Fetch road closures done
[2026-08-27 18:55:42] ▶ Build holiday calendar
[2026-08-27 18:55:42]   ✓ Build holiday calendar done
[2026-08-27 18:55:42] ▶ Aggregate features
[2026-08-27 18:55:43]   ✓ Aggregate features done
[2026-08-27 18:55:43] ▶ Train model
[2026-08-27 18:55:50]   ✓ Train model done
[2026-08-27 18:55:50] ▶ Per-meter pricing
[2026-08-27 18:55:51]   ✓ Per-meter pricing done
[2026-08-27 18:55:51] ▶ Utilization analysis
[2026-08-27 18:55:51]   ✓ Utilization analysis done
[2026-08-27 18:55:51] ▶ Infrastructure ROI
[2026-08-27 18:55:51]   ✓ Infrastructure ROI done
[2026-08-27 18:55:51] ------------------------------------------------------------
[2026-08-27 18:55:51] Pipeline complete: 13/13 steps succeeded
[2026-08-27 18:55:51] All steps complete.
[2026-08-28 19:54:28] ============================================================
[2026-08-28 19:54:28] Seattle Parking Intelligence — Pipeline Start
[2026-08-28 19:54:28] ============================================================
[2026-08-28 19:54:28] ▶ Build meter registry
[2026-08-28 19:54:58]   ✓ Build meter registry done
[2026-08-28 19:54:58] ▶ Fetch weather
[2026-08-28 19:55:06]   ✓ Fetch weather done
[2026-08-28 19:55:06] ▶ Process weather data
[2026-08-28 19:57:59]   ✓ Process weather data done
[2026-08-28 19:57:59] ▶ Fetch live parking
[2026-08-28 19:58:47]   ✓ Fetch live parking done
[2026-08-28 19:58:47] ▶ Fetch events
[2026-08-28 19:58:48]   ✓ Fetch events done
[2026-08-28 19:58:48] ▶ Fetch city permits
[2026-08-28 19:58:48]   ✓ Fetch city permits done
[2026-08-28 19:58:48] ▶ Fetch road closures
[2026-08-28 19:58:48]   ✓ Fetch road closures done
[2026-08-28 19:58:48] ▶ Build holiday calendar
[2026-08-28 19:58:48]   ✓ Build holiday calendar done
[2026-08-28 19:58:48] ▶ Aggregate features
[2026-08-28 19:58:50]   ✓ Aggregate features done
[2026-08-28 19:58:50] ▶ Train model
[2026-08-28 19:58:56]   ✓ Train model done
[2026-08-28 19:58:56] ▶ Per-meter pricing
[2026-08-28 19:58:57]   ✓ Per-meter pricing done
[2026-08-28 19:58:57] ▶ Utilization analysis
[2026-08-28 19:58:57]   ✓ Utilization analysis done
[2026-08-28 19:58:57] ▶ Infrastructure ROI
[2026-08-28 19:58:57]   ✓ Infrastructure ROI done
[2026-08-28 19:58:57] ------------------------------------------------------------
[2026-08-28 19:58:57] Pipeline complete: 13/13 steps succeeded
[2026-08-28 19:58:57] All steps complete.
[2026-08-29 13:38:15] ============================================================
[2026-08-29 13:38:15] Seattle Parking Intelligence — Pipeline Start
[2026-08-29 13:38:15] ============================================================
[2026-08-29 13:38:15] ▶ Build meter registry
[2026-08-29 13:38:46]   ✓ Build meter registry done
[2026-08-29 13:38:46] ▶ Fetch weather
[2026-08-29 13:38:54]   ✓ Fetch weather done
[2026-08-29 13:38:54] ▶ Process weather data
[2026-08-29 13:41:18]   ✓ Process weather data done
[2026-08-29 13:41:18] ▶ Fetch live parking
[2026-08-29 13:42:04]   ✓ Fetch live parking done
[2026-08-29 13:42:04] ▶ Fetch events
[2026-08-29 13:42:05]   ✓ Fetch events done
[2026-08-29 13:42:05] ▶ Fetch city permits
[2026-08-29 13:42:06]   ✓ Fetch city permits done
[2026-08-29 13:42:06] ▶ Fetch road closures
[2026-08-29 13:42:07]   ✓ Fetch road closures done
[2026-08-29 13:42:07] ▶ Build holiday calendar
[2026-08-29 13:42:07]   ✓ Build holiday calendar done
[2026-08-29 13:42:07] ▶ Aggregate features
[2026-08-29 13:42:08]   ✓ Aggregate features done
[2026-08-29 13:42:08] ▶ Train model
[2026-08-29 13:42:14]   ✓ Train model done
[2026-08-29 13:42:14] ▶ Per-meter pricing
[2026-08-29 13:42:15]   ✓ Per-meter pricing done
[2026-08-29 13:42:15] ▶ Utilization analysis
[2026-08-29 13:42:15]   ✓ Utilization analysis done
[2026-08-29 13:42:15] ▶ Infrastructure ROI
[2026-08-29 13:42:15]   ✓ Infrastructure ROI done
[2026-08-29 13:42:15] ------------------------------------------------------------
[2026-08-29 13:42:15] Pipeline complete: 13/13 steps succeeded
[2026-08-29 13:42:15] All steps complete.
[2026-08-30 13:34:17] ============================================================
[2026-08-30 13:34:17] Seattle Parking Intelligence — Pipeline Start
[2026-08-30 13:34:17] ============================================================
[2026-08-30 13:34:17] ▶ Build meter registry
[2026-08-30 13:35:45]   ✓ Build meter registry done
[2026-08-30 13:35:45] ▶ Fetch weather
[2026-08-30 13:35:54]   ✓ Fetch weather done
[2026-08-30 13:35:54] ▶ Process weather data
[2026-08-30 13:38:43]   ✓ Process weather data done
[2026-08-30 13:38:43] ▶ Fetch live parking
[2026-08-30 13:39:22]   ✓ Fetch live parking done
[2026-08-30 13:39:22] ▶ Fetch events
[2026-08-30 13:39:23]   ✓ Fetch events done
[2026-08-30 13:39:23] ▶ Fetch city permits
[2026-08-30 13:39:24]   ✓ Fetch city permits done
[2026-08-30 13:39:24] ▶ Fetch road closures
[2026-08-30 13:39:24]   ✓ Fetch road closures done
[2026-08-30 13:39:24] ▶ Build holiday calendar
[2026-08-30 13:39:24]   ✓ Build holiday calendar done
[2026-08-30 13:39:24] ▶ Aggregate features
[2026-08-30 13:39:25]   ✓ Aggregate features done
[2026-08-30 13:39:25] ▶ Train model
[2026-08-30 13:39:31]   ✓ Train model done
[2026-08-30 13:39:31] ▶ Per-meter pricing
[2026-08-30 13:39:32]   ✓ Per-meter pricing done
[2026-08-30 13:39:32] ▶ Utilization analysis
[2026-08-30 13:39:32]   ✓ Utilization analysis done
[2026-08-30 13:39:32] ▶ Infrastructure ROI
[2026-08-30 13:39:32]   ✓ Infrastructure ROI done
[2026-08-30 13:39:32] ------------------------------------------------------------
[2026-08-30 13:39:32] Pipeline complete: 13/13 steps succeeded
[2026-08-30 13:39:32] All steps complete.
[2026-08-31 15:51:55] ============================================================
[2026-08-31 15:51:55] Seattle Parking Intelligence — Pipeline Start
[2026-08-31 15:51:55] ============================================================
[2026-08-31 15:51:55] ▶ Build meter registry
[2026-08-31 15:53:19]   ✓ Build meter registry done
[2026-08-31 15:53:19] ▶ Fetch weather
[2026-08-31 15:53:30]   ✓ Fetch weather done
[2026-08-31 15:53:30] ▶ Process weather data
[2026-08-31 15:55:49]   ✓ Process weather data done
[2026-08-31 15:55:49] ▶ Fetch live parking
[2026-08-31 15:56:25]   ✓ Fetch live parking done
[2026-08-31 15:56:25] ▶ Fetch events
[2026-08-31 15:56:27]   ✓ Fetch events done
[2026-08-31 15:56:27] ▶ Fetch city permits
[2026-08-31 15:56:28]   ✓ Fetch city permits done
[2026-08-31 15:56:28] ▶ Fetch road closures
[2026-08-31 15:56:28]   ✓ Fetch road closures done
[2026-08-31 15:56:28] ▶ Build holiday calendar
[2026-08-31 15:56:28]   ✓ Build holiday calendar done
[2026-08-31 15:56:28] ▶ Aggregate features
[2026-08-31 15:56:29]   ✓ Aggregate features done
[2026-08-31 15:56:29] ▶ Train model
[2026-08-31 15:56:36]   ✓ Train model done
[2026-08-31 15:56:36] ▶ Per-meter pricing
[2026-08-31 15:56:37]   ✓ Per-meter pricing done
[2026-08-31 15:56:37] ▶ Utilization analysis
[2026-08-31 15:56:37]   ✓ Utilization analysis done
[2026-08-31 15:56:37] ▶ Infrastructure ROI
[2026-08-31 15:56:37]   ✓ Infrastructure ROI done
[2026-08-31 15:56:37] ------------------------------------------------------------
[2026-08-31 15:56:37] Pipeline complete: 13/13 steps succeeded
[2026-08-31 15:56:37] All steps complete.
[2026-09-01 13:07:12] ============================================================
[2026-09-01 13:07:12] Seattle Parking Intelligence — Pipeline Start
[2026-09-01 13:07:12] ============================================================
[2026-09-01 13:07:12] ▶ Build meter registry
[2026-09-01 13:08:37]   ✓ Build meter registry done
[2026-09-01 13:08:37] ▶ Fetch weather
[2026-09-01 13:08:48]   ✓ Fetch weather done
[2026-09-01 13:08:48] ▶ Process weather data
[2026-09-01 13:10:34]   ✓ Process weather data done
[2026-09-01 13:10:34] ▶ Fetch live parking
[2026-09-01 13:11:12]   ✓ Fetch live parking done
[2026-09-01 13:11:12] ▶ Fetch events
[2026-09-01 13:11:13]   ✓ Fetch events done
[2026-09-01 13:11:13] ▶ Fetch city permits
[2026-09-01 13:11:14]   ✓ Fetch city permits done
[2026-09-01 13:11:14] ▶ Fetch road closures
[2026-09-01 13:11:14]   ✓ Fetch road closures done
[2026-09-01 13:11:14] ▶ Build holiday calendar
[2026-09-01 13:11:14]   ✓ Build holiday calendar done
[2026-09-01 13:11:14] ▶ Aggregate features
[2026-09-01 13:11:15]   ✓ Aggregate features done
[2026-09-01 13:11:15] ▶ Train model
[2026-09-01 13:11:22]   ✓ Train model done
[2026-09-01 13:11:22] ▶ Per-meter pricing
[2026-09-01 13:11:22]   ✓ Per-meter pricing done
[2026-09-01 13:11:22] ▶ Utilization analysis
[2026-09-01 13:11:22]   ✓ Utilization analysis done
[2026-09-01 13:11:22] ▶ Infrastructure ROI
[2026-09-01 13:11:22]   ✓ Infrastructure ROI done
[2026-09-01 13:11:22] ------------------------------------------------------------
[2026-09-01 13:11:22] Pipeline complete: 13/13 steps succeeded
[2026-09-01 13:11:22] All steps complete.
[2026-09-02 12:34:37] ============================================================
[2026-09-02 12:34:37] Seattle Parking Intelligence — Pipeline Start
[2026-09-02 12:34:37] ============================================================
[2026-09-02 12:34:37] ▶ Build meter registry
[2026-09-02 12:36:01]   ✓ Build meter registry done
[2026-09-02 12:36:01] ▶ Fetch weather
[2026-09-02 12:36:13]   ✓ Fetch weather done
[2026-09-02 12:36:13] ▶ Process weather data
[2026-09-02 12:38:34]   ✓ Process weather data done
[2026-09-02 12:38:34] ▶ Fetch live parking
[2026-09-02 12:39:06]   ✓ Fetch live parking done
[2026-09-02 12:39:06] ▶ Fetch events
[2026-09-02 12:39:07]   ✓ Fetch events done
[2026-09-02 12:39:07] ▶ Fetch city permits
[2026-09-02 12:39:09]   ✓ Fetch city permits done
[2026-09-02 12:39:09] ▶ Fetch road closures
[2026-09-02 12:39:09]   ✓ Fetch road closures done
[2026-09-02 12:39:09] ▶ Build holiday calendar
[2026-09-02 12:39:09]   ✓ Build holiday calendar done
[2026-09-02 12:39:09] ▶ Aggregate features
[2026-09-02 12:39:10]   ✓ Aggregate features done
[2026-09-02 12:39:10] ▶ Train model
[2026-09-02 12:39:17]   ✓ Train model done
[2026-09-02 12:39:17] ▶ Per-meter pricing
[2026-09-02 12:39:17]   ✓ Per-meter pricing done
[2026-09-02 12:39:17] ▶ Utilization analysis
[2026-09-02 12:39:17]   ✓ Utilization analysis done
[2026-09-02 12:39:17] ▶ Infrastructure ROI
[2026-09-02 12:39:17]   ✓ Infrastructure ROI done
[2026-09-02 12:39:17] ------------------------------------------------------------
[2026-09-02 12:39:17] Pipeline complete: 13/13 steps succeeded
[2026-09-02 12:39:17] All steps complete.
[2026-09-03 12:37:18] ============================================================
[2026-09-03 12:37:18] Seattle Parking Intelligence — Pipeline Start
[2026-09-03 12:37:18] ============================================================
[2026-09-03 12:37:18] ▶ Build meter registry
[2026-09-03 12:39:19]   ✓ Build meter registry done
[2026-09-03 12:39:19] ▶ Fetch weather
[2026-09-03 12:39:29]   ✓ Fetch weather done
[2026-09-03 12:39:29] ▶ Process weather data
[2026-09-03 12:41:12]   ✓ Process weather data done
[2026-09-03 12:41:12] ▶ Fetch live parking
[2026-09-03 12:42:12]   ✓ Fetch live parking done
[2026-09-03 12:42:12] ▶ Fetch events
[2026-09-03 12:42:13]   ✓ Fetch events done
[2026-09-03 12:42:13] ▶ Fetch city permits
[2026-09-03 12:42:14]   ✓ Fetch city permits done
[2026-09-03 12:42:14] ▶ Fetch road closures
[2026-09-03 12:42:14]   ✓ Fetch road closures done
[2026-09-03 12:42:14] ▶ Build holiday calendar
[2026-09-03 12:42:15]   ✓ Build holiday calendar done
[2026-09-03 12:42:15] ▶ Aggregate features
[2026-09-03 12:42:15]   ✓ Aggregate features done
[2026-09-03 12:42:15] ▶ Train model
[2026-09-03 12:42:15]   ✓ Train model done
[2026-09-03 12:42:15] ▶ Per-meter pricing
[2026-09-03 12:42:15]   ✓ Per-meter pricing done
[2026-09-03 12:42:15] ▶ Utilization analysis
[2026-09-03 12:42:15]   ✓ Utilization analysis done
[2026-09-03 12:42:15] ▶ Infrastructure ROI
[2026-09-03 12:42:15]   ✓ Infrastructure ROI done
[2026-09-03 12:42:15] ------------------------------------------------------------
[2026-09-03 12:42:15] Pipeline complete: 13/13 steps succeeded
[2026-09-03 12:42:15] All steps complete.
[2026-09-04 12:31:38] ============================================================
[2026-09-04 12:31:38] Seattle Parking Intelligence — Pipeline Start
[2026-09-04 12:31:38] ============================================================
[2026-09-04 12:31:38] ▶ Build meter registry
[2026-09-04 12:33:25]   ✓ Build meter registry done
[2026-09-04 12:33:25] ▶ Fetch weather
[2026-09-04 12:33:36]   ✓ Fetch weather done
[2026-09-04 12:33:36] ▶ Process weather data
[2026-09-04 12:35:04]   ✓ Process weather data done
[2026-09-04 12:35:04] ▶ Fetch live parking
[2026-09-04 12:36:04]   ✓ Fetch live parking done
[2026-09-04 12:36:04] ▶ Fetch events
[2026-09-04 12:36:05]   ✓ Fetch events done
[2026-09-04 12:36:05] ▶ Fetch city permits
[2026-09-04 12:36:06]   ✓ Fetch city permits done
[2026-09-04 12:36:06] ▶ Fetch road closures
[2026-09-04 12:36:06]   ✓ Fetch road closures done
[2026-09-04 12:36:06] ▶ Build holiday calendar
[2026-09-04 12:36:06]   ✓ Build holiday calendar done
[2026-09-04 12:36:06] ▶ Aggregate features
[2026-09-04 12:36:07]   ✓ Aggregate features done
[2026-09-04 12:36:07] ▶ Train model
[2026-09-04 12:36:07]   ✓ Train model done
[2026-09-04 12:36:07] ▶ Per-meter pricing
[2026-09-04 12:36:07]   ✓ Per-meter pricing done
[2026-09-04 12:36:07] ▶ Utilization analysis
[2026-09-04 12:36:07]   ✓ Utilization analysis done
[2026-09-04 12:36:07] ▶ Infrastructure ROI
[2026-09-04 12:36:07]   ✓ Infrastructure ROI done
[2026-09-04 12:36:07] ------------------------------------------------------------
[2026-09-04 12:36:07] Pipeline complete: 13/13 steps succeeded
[2026-09-04 12:36:07] All steps complete.
[2026-09-05 11:39:48] ============================================================
[2026-09-05 11:39:48] Seattle Parking Intelligence — Pipeline Start
[2026-09-05 11:39:48] ============================================================
[2026-09-05 11:39:48] ▶ Build meter registry
[2026-09-05 11:41:48]   ✓ Build meter registry done
[2026-09-05 11:41:48] ▶ Fetch weather
[2026-09-05 11:41:59]   ✓ Fetch weather done
[2026-09-05 11:41:59] ▶ Process weather data
[2026-09-05 11:44:51]   ✓ Process weather data done
[2026-09-05 11:44:51] ▶ Fetch live parking
[2026-09-05 11:45:51]   ✓ Fetch live parking done
[2026-09-05 11:45:51] ▶ Fetch events
[2026-09-05 11:45:52]   ✓ Fetch events done
[2026-09-05 11:45:52] ▶ Fetch city permits
[2026-09-05 11:45:53]   ✓ Fetch city permits done
[2026-09-05 11:45:53] ▶ Fetch road closures
[2026-09-05 11:45:54]   ✓ Fetch road closures done
[2026-09-05 11:45:54] ▶ Build holiday calendar
[2026-09-05 11:45:54]   ✓ Build holiday calendar done
[2026-09-05 11:45:54] ▶ Aggregate features
[2026-09-05 11:45:54]   ✓ Aggregate features done
[2026-09-05 11:45:54] ▶ Train model
[2026-09-05 11:45:55]   ✓ Train model done
[2026-09-05 11:45:55] ▶ Per-meter pricing
[2026-09-05 11:45:55]   ✓ Per-meter pricing done
[2026-09-05 11:45:55] ▶ Utilization analysis
[2026-09-05 11:45:55]   ✓ Utilization analysis done
[2026-09-05 11:45:55] ▶ Infrastructure ROI
[2026-09-05 11:45:55]   ✓ Infrastructure ROI done
[2026-09-05 11:45:55] ------------------------------------------------------------
[2026-09-05 11:45:55] Pipeline complete: 13/13 steps succeeded
[2026-09-05 11:45:55] All steps complete.
